// Jest Snapshot v1, https://goo.gl/fbAQLP

exports[`SSR layout with group 1`] = `"<div class=\\"react-grid-layout-selection-wrapper\\" data-role=\\"selection\\" style=\\"position:relative\\"><div style=\\"width:1024px;height:298.252427184466px;position:relative\\"></div></div>"`;

exports[`SSR simple layout 1`] = `"<div class=\\"react-grid-layout-selection-wrapper\\" data-role=\\"selection\\" style=\\"position:relative\\"><div style=\\"width:1024px;height:240px;position:relative\\"></div></div>"`;
